// Jest Snapshot v1, https://goo.gl/fbAQLP

exports[`LightboxCaption should show a LightboxCaption with a pillar colour 1`] = `
<View
  style={
    Object {
      "backgroundColor": "#121212",
      "bottom": 0,
      "fontFamily": "GuardianTextEgyptian-Reg",
      "opacity": 0.8,
      "padding": 10,
      "position": "absolute",
      "width": "100%",
      "zIndex": 1,
    }
  }
>
  <View
    style={
      Object {
        "display": "flex",
        "flex": 1,
        "flexDirection": "row",
        "paddingBottom": 50,
        "paddingHorizontal": 10,
      }
    }
  >
    <RNSVGSvgView
      align="xMidYMid"
      bbHeight="9"
      bbWidth="11"
      fill="none"
      focusable={false}
      height={9}
      meetOrSlice={0}
      minX={0}
      minY={0}
      rotation={0}
      style={
        Array [
          Object {
            "backgroundColor": "transparent",
            "borderWidth": 0,
          },
          Object {
            "marginTop": 4,
          },
          Object {
            "flex": 0,
            "height": 9,
            "width": 11,
          },
        ]
      }
      vbHeight={9}
      vbWidth={11}
      width={11}
    >
      <RNSVGGroup
        fill={null}
        propList={
          Array [
            "fill",
          ]
        }
      >
        <RNSVGGroup
          opacity={1}
        >
          <RNSVGPath
            d="M5.5 0L10.5 9H0.5L5.5 0Z"
            fill={
              Object {
                "payload": 4278190335,
                "type": 0,
              }
            }
            propList={
              Array [
                "fill",
              ]
            }
          />
        </RNSVGGroup>
      </RNSVGGroup>
    </RNSVGSvgView>
    <View
      style={
        Object {
          "color": "#FFFFFF",
          "paddingLeft": 2,
          "paddingRight": 13,
        }
      }
    >
      <View
        style={
          Array [
            Object {},
            undefined,
            undefined,
          ]
        }
        testID="html"
      >
        <View
          style={
            Array [
              Object {},
              undefined,
              undefined,
            ]
          }
          testID="body"
        >
          <Text
            allowFontScaling={true}
            selectable={false}
            style={
              Array [
                Object {
                  "color": "#FFFFFF",
                  "fontSize": 14,
                },
                undefined,
                undefined,
              ]
            }
            testID="span"
          >
            Claude Gnapka scores Luton's third and winner
          </Text>
        </View>
      </View>
    </View>
  </View>
</View>
`;
