// Jest Snapshot v1, https://goo.gl/fbAQLP

exports[`Local Notification Setup notificationPayload should deliver a matching notification payload 1`] = `
Object {
  "allowWhileIdle": true,
  "date": 2020-09-02T13:57:03.896Z,
  "id": "20200902",
  "message": "The latest edition of Australia Weekend is available",
  "title": "Australia Weekend",
}
`;
