// Jest Snapshot v1, https://goo.gl/fbAQLP

exports[`BurgerMenu should display a BurgerMenu icon in SVG 1`] = `
<RNSVGSvgView
  align="xMidYMid"
  bbHeight="40"
  bbWidth="40"
  fill="none"
  focusable={false}
  height="40"
  meetOrSlice={0}
  minX={0}
  minY={0}
  style={
    Array [
      Object {
        "backgroundColor": "transparent",
        "borderWidth": 0,
      },
      Object {
        "flex": 0,
        "height": 40,
        "width": 40,
      },
    ]
  }
  vbHeight={82}
  vbWidth={82}
  width="40"
>
  <RNSVGGroup
    fill={null}
    propList={
      Array [
        "fill",
      ]
    }
  >
    <RNSVGCircle
      cx="41"
      cy="41"
      fill={
        Object {
          "payload": 4294960384,
          "type": 0,
        }
      }
      propList={
        Array [
          "fill",
        ]
      }
      r="41"
    />
    <RNSVGRect
      fill={
        Object {
          "payload": 4278528354,
          "type": 0,
        }
      }
      height="3.90478"
      propList={
        Array [
          "fill",
        ]
      }
      width="48.8096"
      x="17.5714"
      y="25.381"
    />
    <RNSVGRect
      fill={
        Object {
          "payload": 4278528354,
          "type": 0,
        }
      }
      height="3.90477"
      propList={
        Array [
          "fill",
        ]
      }
      width="48.8096"
      x="17.5714"
      y="39.0476"
    />
    <RNSVGRect
      fill={
        Object {
          "payload": 4278528354,
          "type": 0,
        }
      }
      height="3.90476"
      propList={
        Array [
          "fill",
        ]
      }
      width="48.8096"
      x="17.5714"
      y="52.7143"
    />
  </RNSVGGroup>
</RNSVGSvgView>
`;
