// Jest Snapshot v1, https://goo.gl/fbAQLP

exports[`Editions should display a Editions icon in SVG 1`] = `
<RNSVGSvgView
  bbHeight="42"
  bbWidth="42"
  fill="none"
  focusable={false}
  height={42}
  style={
    Array [
      Object {
        "backgroundColor": "transparent",
        "borderWidth": 0,
      },
      Object {
        "flex": 0,
        "height": 42,
        "width": 42,
      },
    ]
  }
  width={42}
>
  <RNSVGGroup
    fill={null}
    propList={
      Array [
        "fill",
      ]
    }
  >
    <RNSVGRect
      fill={
        Object {
          "payload": 4278190080,
          "type": 0,
        }
      }
      height="41"
      propList={
        Array [
          "stroke",
        ]
      }
      rx="20.5"
      stroke={
        Object {
          "payload": 4294967295,
          "type": 0,
        }
      }
      width="41"
      x="0.5"
      y="0.5"
    />
    <RNSVGCircle
      cx="29"
      cy="14"
      fill={
        Object {
          "payload": 4294949576,
          "type": 0,
        }
      }
      propList={
        Array [
          "fill",
        ]
      }
      r="7"
    />
    <RNSVGCircle
      cx="14"
      cy="14"
      fill={
        Object {
          "payload": 4294967295,
          "type": 0,
        }
      }
      propList={
        Array [
          "fill",
        ]
      }
      r="7"
    />
    <RNSVGCircle
      cx="29"
      cy="29"
      fill={
        Object {
          "payload": 4287683839,
          "type": 0,
        }
      }
      propList={
        Array [
          "fill",
        ]
      }
      r="7"
    />
    <RNSVGCircle
      cx="14"
      cy="29"
      fill={
        Object {
          "payload": 4294934287,
          "type": 0,
        }
      }
      propList={
        Array [
          "fill",
        ]
      }
      r="7"
    />
  </RNSVGGroup>
</RNSVGSvgView>
`;
