// Jest Snapshot v1, https://goo.gl/fbAQLP

exports[`EditionsMenu should display an EditionsMenu icon in SVG 1`] = `
<RNSVGSvgView
  align="xMidYMid"
  bbHeight="40"
  bbWidth="40"
  fill="none"
  focusable={false}
  height="40"
  meetOrSlice={0}
  minX={0}
  minY={0}
  style={
    Array [
      Object {
        "backgroundColor": "transparent",
        "borderWidth": 0,
      },
      Object {
        "flex": 0,
        "height": 40,
        "width": 40,
      },
    ]
  }
  vbHeight={42}
  vbWidth={42}
  width="40"
>
  <RNSVGGroup
    fill={null}
    propList={
      Array [
        "fill",
      ]
    }
  >
    <RNSVGCircle
      cx="21"
      cy="21"
      fill={
        Object {
          "payload": 4278528354,
          "type": 0,
        }
      }
      propList={
        Array [
          "fill",
          "stroke",
        ]
      }
      r="20.5"
      stroke={
        Object {
          "payload": 4294967295,
          "type": 0,
        }
      }
    />
    <RNSVGCircle
      cx="14.1751"
      cy="13.125"
      fill={
        Object {
          "payload": 4294967295,
          "type": 0,
        }
      }
      propList={
        Array [
          "fill",
        ]
      }
      r="6.825"
    />
    <RNSVGCircle
      cx="14.1751"
      cy="27.825"
      fill={
        Object {
          "payload": 4294934287,
          "type": 0,
        }
      }
      propList={
        Array [
          "fill",
        ]
      }
      r="6.825"
    />
    <RNSVGCircle
      cx="28.875"
      cy="13.125"
      fill={
        Object {
          "payload": 4294949576,
          "type": 0,
        }
      }
      propList={
        Array [
          "fill",
        ]
      }
      r="6.825"
    />
    <RNSVGCircle
      cx="28.875"
      cy="27.825"
      fill={
        Object {
          "payload": 4287683839,
          "type": 0,
        }
      }
      propList={
        Array [
          "fill",
        ]
      }
      r="6.825"
    />
  </RNSVGGroup>
</RNSVGSvgView>
`;
