// Jest Snapshot v1, https://goo.gl/fbAQLP

exports[`ArticleByline should display a default Byline 1`] = `
<Text
  style={
    Array [
      Object {
        "flexShrink": 0,
        "fontFamily": "GuardianTextEgyptian-Bold",
        "fontSize": 18,
        "lineHeight": 22,
      },
      Array [
        Object {
          "paddingBottom": 10,
        },
        Object {
          "color": "#121212",
        },
        undefined,
      ],
    ]
  }
>
  Gary Younge
</Text>
`;
