// Jest Snapshot v1, https://goo.gl/fbAQLP

exports[`EditionsMenuHeader should display a default EditionsMenuHeader with correct styling 1`] = `
<View
  style={
    Object {
      "flex": 1,
      "paddingBottom": 38,
      "paddingLeft": 96,
      "paddingTop": 4,
    }
  }
>
  <Text
    style={
      Array [
        Object {
          "flexShrink": 0,
          "fontFamily": "GTGuardianTitlepiece-Bold",
          "fontSize": 30,
          "lineHeight": 33,
        },
        Object {
          "fontSize": 24,
          "lineHeight": 30,
        },
      ]
    }
  >
    Special Editions
  </Text>
</View>
`;
